// Jest Snapshot v1, https://goo.gl/fbAQLP

exports[`<ProfilePage /> renders correctly ProfilePage component with user data 1`] = `
<WithStyles(ForwardRef(Grid))
  container={true}
  spacing={4}
>
  <WithStyles(ForwardRef(Grid))
    item={true}
    md={4}
    xs={12}
  >
    <UserDataList
      user={
        Object {
          "avatar_url": "https://www.example.com/avatar_url.png",
          "blog": "https://www.example-blog.com",
          "company": null,
          "followers": 2,
          "following": 0,
          "id": 1,
          "location": null,
          "login": "Login",
          "name": "User",
          "public_gists": 2,
          "public_repos": 0,
        }
      }
    />
  </WithStyles(ForwardRef(Grid))>
  <WithStyles(ForwardRef(Grid))
    alignItems="stretch"
    container={true}
    direction="column"
    item={true}
    md={8}
    xs={12}
  >
    <WithStyles(ForwardRef(Typography))
      gutterBottom={true}
      variant="h5"
    >
      Repositories
    </WithStyles(ForwardRef(Typography))>
    <ReposList
      user={
        Object {
          "avatar_url": "https://www.example.com/avatar_url.png",
          "blog": "https://www.example-blog.com",
          "company": null,
          "followers": 2,
          "following": 0,
          "id": 1,
          "location": null,
          "login": "Login",
          "name": "User",
          "public_gists": 2,
          "public_repos": 0,
        }
      }
    />
  </WithStyles(ForwardRef(Grid))>
</WithStyles(ForwardRef(Grid))>
`;
