// Jest Snapshot v1, https://goo.gl/fbAQLP

exports[`<ErrorMessage />  renders correctly ErrorMessage component 1`] = `
<WithStyles(ForwardRef(Grid))
  item={true}
>
  <WithStyles(ForwardRef(Typography))
    color="error"
    variant="h5"
  >
    Typo An Error Occurred, Please Try Again Later!
  </WithStyles(ForwardRef(Typography))>
</WithStyles(ForwardRef(Grid))>
`;
